// Jest Snapshot v1, https://goo.gl/fbAQLP

exports[`<CartList /> should render the cart list 1`] = `
.c1 {
  padding: 2.4rem;
  border-bottom: 0.1rem solid #EAEAEA;
}

.c2 {
  display: flex;
}

.c3 {
  position: relative;
  flex-shrink: 0;
  margin-right: 1.2rem;
  width: 9.6rem;
  height: 5.6rem;
}

.c3 img {
  width: 100%;
  height: 100%;
  object-fit: cover;
}

.c4 {
  display: flex;
  flex-direction: column;
  align-items: flex-start;
}

.c5 {
  font-size: 1.4rem;
  line-height: 1.4rem;
  font-weight: 600;
  color: #030517;
  margin-bottom: 0.8rem;
}

.c6 {
  color: #FAFAFA;
  padding: 0.2rem 0.8rem;
  background-color: #3CD3C1;
  border-radius: 0.4rem;
  font-size: 1.4rem;
  font-weight: 600;
}

.c0 {
  background: #FAFAFA;
  display: flex;
  flex-direction: column;
  align-self: start;
}

.c7 {
  background: #eee;
  color: #030517;
  font-weight: 600;
  font-size: 1.4rem;
  padding: 2rem;
  display: flex;
  align-items: center;
  justify-content: space-between;
}

.c8 {
  color: #F231A5;
}

@media (min-width: 768px) {
  .c1 {
    display: flex;
  }
}

@media (min-width: 768px) {
  .c3 {
    margin-right: 1.6rem;
    width: 15rem;
    height: 7rem;
  }
}

@media (min-width: 768px) {
  .c5 {
    font-size: 2rem;
    line-height: 2rem;
  }
}

@media (min-width: 768px) {
  .c7 {
    font-size: 1.6rem;
    padding: 2.4rem;
  }
}

<div
  class="c0"
>
  <div
    class="c1"
  >
    <div
      class="c2"
    >
      <div
        class="c3"
      >
        <img
          alt="Red Dead Redemption 2"
          data-nimg="fill"
          decoding="async"
          fetchpriority="high"
          sizes="100%"
          src="/_next/image?url=https%3A%2F%2Fitems.gog.com%2Fnot_a_cp%2FEN%2FEN-Mercenary-Outlaw.png&w=3840&q=75"
          srcset="/_next/image?url=https%3A%2F%2Fitems.gog.com%2Fnot_a_cp%2FEN%2FEN-Mercenary-Outlaw.png&w=16&q=75 16w, /_next/image?url=https%3A%2F%2Fitems.gog.com%2Fnot_a_cp%2FEN%2FEN-Mercenary-Outlaw.png&w=32&q=75 32w, /_next/image?url=https%3A%2F%2Fitems.gog.com%2Fnot_a_cp%2FEN%2FEN-Mercenary-Outlaw.png&w=48&q=75 48w, /_next/image?url=https%3A%2F%2Fitems.gog.com%2Fnot_a_cp%2FEN%2FEN-Mercenary-Outlaw.png&w=64&q=75 64w, /_next/image?url=https%3A%2F%2Fitems.gog.com%2Fnot_a_cp%2FEN%2FEN-Mercenary-Outlaw.png&w=96&q=75 96w, /_next/image?url=https%3A%2F%2Fitems.gog.com%2Fnot_a_cp%2FEN%2FEN-Mercenary-Outlaw.png&w=128&q=75 128w, /_next/image?url=https%3A%2F%2Fitems.gog.com%2Fnot_a_cp%2FEN%2FEN-Mercenary-Outlaw.png&w=256&q=75 256w, /_next/image?url=https%3A%2F%2Fitems.gog.com%2Fnot_a_cp%2FEN%2FEN-Mercenary-Outlaw.png&w=384&q=75 384w, /_next/image?url=https%3A%2F%2Fitems.gog.com%2Fnot_a_cp%2FEN%2FEN-Mercenary-Outlaw.png&w=640&q=75 640w, /_next/image?url=https%3A%2F%2Fitems.gog.com%2Fnot_a_cp%2FEN%2FEN-Mercenary-Outlaw.png&w=750&q=75 750w, /_next/image?url=https%3A%2F%2Fitems.gog.com%2Fnot_a_cp%2FEN%2FEN-Mercenary-Outlaw.png&w=828&q=75 828w, /_next/image?url=https%3A%2F%2Fitems.gog.com%2Fnot_a_cp%2FEN%2FEN-Mercenary-Outlaw.png&w=1080&q=75 1080w, /_next/image?url=https%3A%2F%2Fitems.gog.com%2Fnot_a_cp%2FEN%2FEN-Mercenary-Outlaw.png&w=1200&q=75 1200w, /_next/image?url=https%3A%2F%2Fitems.gog.com%2Fnot_a_cp%2FEN%2FEN-Mercenary-Outlaw.png&w=1920&q=75 1920w, /_next/image?url=https%3A%2F%2Fitems.gog.com%2Fnot_a_cp%2FEN%2FEN-Mercenary-Outlaw.png&w=2048&q=75 2048w, /_next/image?url=https%3A%2F%2Fitems.gog.com%2Fnot_a_cp%2FEN%2FEN-Mercenary-Outlaw.png&w=3840&q=75 3840w"
          style="position: absolute; height: 100%; width: 100%; left: 0px; top: 0px; right: 0px; bottom: 0px; color: transparent;"
        />
      </div>
      <div
        class="c4"
      >
        <h3
          class="c5"
        >
          Red Dead Redemption 2
        </h3>
        <div
          class="c6"
        >
          R$ 215,00
        </div>
      </div>
    </div>
  </div>
  <div
    class="c1"
  >
    <div
      class="c2"
    >
      <div
        class="c3"
      >
        <img
          alt="Borderlands 3"
          data-nimg="fill"
          decoding="async"
          fetchpriority="high"
          sizes="100%"
          src="/_next/image?url=https%3A%2F%2Fitems.gog.com%2Fnot_a_cp%2FEN%2FEN-Mercenary-Outlaw.png&w=3840&q=75"
          srcset="/_next/image?url=https%3A%2F%2Fitems.gog.com%2Fnot_a_cp%2FEN%2FEN-Mercenary-Outlaw.png&w=16&q=75 16w, /_next/image?url=https%3A%2F%2Fitems.gog.com%2Fnot_a_cp%2FEN%2FEN-Mercenary-Outlaw.png&w=32&q=75 32w, /_next/image?url=https%3A%2F%2Fitems.gog.com%2Fnot_a_cp%2FEN%2FEN-Mercenary-Outlaw.png&w=48&q=75 48w, /_next/image?url=https%3A%2F%2Fitems.gog.com%2Fnot_a_cp%2FEN%2FEN-Mercenary-Outlaw.png&w=64&q=75 64w, /_next/image?url=https%3A%2F%2Fitems.gog.com%2Fnot_a_cp%2FEN%2FEN-Mercenary-Outlaw.png&w=96&q=75 96w, /_next/image?url=https%3A%2F%2Fitems.gog.com%2Fnot_a_cp%2FEN%2FEN-Mercenary-Outlaw.png&w=128&q=75 128w, /_next/image?url=https%3A%2F%2Fitems.gog.com%2Fnot_a_cp%2FEN%2FEN-Mercenary-Outlaw.png&w=256&q=75 256w, /_next/image?url=https%3A%2F%2Fitems.gog.com%2Fnot_a_cp%2FEN%2FEN-Mercenary-Outlaw.png&w=384&q=75 384w, /_next/image?url=https%3A%2F%2Fitems.gog.com%2Fnot_a_cp%2FEN%2FEN-Mercenary-Outlaw.png&w=640&q=75 640w, /_next/image?url=https%3A%2F%2Fitems.gog.com%2Fnot_a_cp%2FEN%2FEN-Mercenary-Outlaw.png&w=750&q=75 750w, /_next/image?url=https%3A%2F%2Fitems.gog.com%2Fnot_a_cp%2FEN%2FEN-Mercenary-Outlaw.png&w=828&q=75 828w, /_next/image?url=https%3A%2F%2Fitems.gog.com%2Fnot_a_cp%2FEN%2FEN-Mercenary-Outlaw.png&w=1080&q=75 1080w, /_next/image?url=https%3A%2F%2Fitems.gog.com%2Fnot_a_cp%2FEN%2FEN-Mercenary-Outlaw.png&w=1200&q=75 1200w, /_next/image?url=https%3A%2F%2Fitems.gog.com%2Fnot_a_cp%2FEN%2FEN-Mercenary-Outlaw.png&w=1920&q=75 1920w, /_next/image?url=https%3A%2F%2Fitems.gog.com%2Fnot_a_cp%2FEN%2FEN-Mercenary-Outlaw.png&w=2048&q=75 2048w, /_next/image?url=https%3A%2F%2Fitems.gog.com%2Fnot_a_cp%2FEN%2FEN-Mercenary-Outlaw.png&w=3840&q=75 3840w"
          style="position: absolute; height: 100%; width: 100%; left: 0px; top: 0px; right: 0px; bottom: 0px; color: transparent;"
        />
      </div>
      <div
        class="c4"
      >
        <h3
          class="c5"
        >
          Borderlands 3
        </h3>
        <div
          class="c6"
        >
          R$ 215,00
        </div>
      </div>
    </div>
  </div>
  <div
    class="c7"
  >
    <span>
      Total:
    </span>
    <span
      class="c8"
    >
      R$ 330,00
    </span>
  </div>
</div>
`;
