// Jest Snapshot v1, https://goo.gl/fbAQLP

exports[`<Divider /> should render the heading 1`] = `
<main
  class=""
>
  <h1>
    Divider
  </h1>
</main>
`;
